// Jest Snapshot v1, https://goo.gl/fbAQLP

exports[`Should render Branch Filter 1`] = `
<div
  className="comp-dropdown__branch disabled"
>
  <button
    className="MuiButtonBase-root MuiButton-root MuiButton-outlined MuiButton-outlinedPrimary MuiButton-sizeMedium MuiButton-outlinedSizeMedium MuiButton-root MuiButton-outlined MuiButton-outlinedPrimary MuiButton-sizeMedium MuiButton-outlinedSizeMedium __active css-8xewcm-MuiButtonBase-root-MuiButton-root"
    disabled={false}
    onBlur={[Function]}
    onClick={[Function]}
    onContextMenu={[Function]}
    onDragLeave={[Function]}
    onFocus={[Function]}
    onKeyDown={[Function]}
    onKeyUp={[Function]}
    onMouseDown={[Function]}
    onMouseLeave={[Function]}
    onMouseUp={[Function]}
    onTouchEnd={[Function]}
    onTouchMove={[Function]}
    onTouchStart={[Function]}
    role="button"
    style={
      Object {
        "display": "flex",
        "justifyContent": "space-between",
      }
    }
    tabIndex={0}
    type="button"
  >
    <div
      className="comp-content active"
    />
    <div
      className="comp-dropdown-arrow"
      style={
        Object {
          "alignItems": "center",
          "display": "flex",
          "marginLeft": "1rem",
        }
      }
    >
      <svg
        fill="currentColor"
        height="1em"
        stroke="currentColor"
        strokeWidth="0"
        style={
          Object {
            "color": undefined,
          }
        }
        viewBox="0 0 448 512"
        width="1em"
        xmlns="http://www.w3.org/2000/svg"
      >
        <path
          d="M207.029 381.476L12.686 187.132c-9.373-9.373-9.373-24.569 0-33.941l22.667-22.667c9.357-9.357 24.522-9.375 33.901-.04L224 284.505l154.745-154.021c9.379-9.335 24.544-9.317 33.901.04l22.667 22.667c9.373 9.373 9.373 24.569 0 33.941L240.971 381.476c-9.373 9.372-24.569 9.372-33.942 0z"
        />
      </svg>
    </div>
  </button>
  <nav
    className="MuiList-root MuiList-padding css-h4y409-MuiList-root"
    style={
      Object {
        "display": "flex",
        "flexDirection": "column",
      }
    }
  />
</div>
`;
